// Jest Snapshot v1, https://goo.gl/fbAQLP

exports[`Render RouteMap correctly render correctly 1`] = `
<div
  className="routeMap-container"
>
  <div />
</div>
`;
